// Jest Snapshot v1, https://goo.gl/fbAQLP

exports[`<NotFound /> matches snapshot 1`] = `
<body>
  <div>
    <div>
      <h1>
        Not Found
      </h1>
      <h1>
        404
      </h1>
    </div>
  </div>
</body>
`;
